[2020-10-10T13:54:25.209-0400][gc,heap] Heap region size: 1M
[2020-10-10T13:54:25.214-0400][gc     ] Using G1
[2020-10-10T13:54:25.214-0400][gc,heap,coops] Heap address: 0x00000000c0000000, size: 1024 MB, Compressed Oops mode: 32-bit
[2020-10-10T13:54:25.215-0400][gc,cds       ] Mark closed archive regions in map: [0x00000000fff00000, 0x00000000fff69ff8]
[2020-10-10T13:54:25.215-0400][gc,cds       ] Mark open archive regions in map: [0x00000000ffe00000, 0x00000000ffe46ff8]
[2020-10-10T13:54:25.965-0400][gc,start     ] GC(0) Pause Young (Normal) (G1 Evacuation Pause)
[2020-10-10T13:54:25.966-0400][gc,task      ] GC(0) Using 10 workers of 10 for evacuation
[2020-10-10T13:54:25.976-0400][gc,phases    ] GC(0)   Pre Evacuate Collection Set: 0.0ms
[2020-10-10T13:54:25.976-0400][gc,phases    ] GC(0)   Evacuate Collection Set: 9.3ms
[2020-10-10T13:54:25.976-0400][gc,phases    ] GC(0)   Post Evacuate Collection Set: 0.8ms
[2020-10-10T13:54:25.976-0400][gc,phases    ] GC(0)   Other: 1.3ms
[2020-10-10T13:54:25.976-0400][gc,heap      ] GC(0) Eden regions: 51->0(44)
[2020-10-10T13:54:25.976-0400][gc,heap      ] GC(0) Survivor regions: 0->7(7)
[2020-10-10T13:54:25.976-0400][gc,heap      ] GC(0) Old regions: 2->2
[2020-10-10T13:54:25.976-0400][gc,heap      ] GC(0) Humongous regions: 0->0
[2020-10-10T13:54:25.976-0400][gc,metaspace ] GC(0) Metaspace: 15526K->15526K(1062912K)
[2020-10-10T13:54:25.976-0400][gc           ] GC(0) Pause Young (Normal) (G1 Evacuation Pause) 51M->6M(1024M) 11.438ms
[2020-10-10T13:54:25.976-0400][gc,cpu       ] GC(0) User=0.00s Sys=0.09s Real=0.01s
[2020-10-10T13:54:26.204-0400][gc,start     ] GC(1) Pause Young (Concurrent Start) (Metadata GC Threshold)
[2020-10-10T13:54:26.204-0400][gc,task      ] GC(1) Using 10 workers of 10 for evacuation
[2020-10-10T13:54:26.214-0400][gc,phases    ] GC(1)   Pre Evacuate Collection Set: 0.1ms
[2020-10-10T13:54:26.214-0400][gc,phases    ] GC(1)   Evacuate Collection Set: 8.6ms
[2020-10-10T13:54:26.214-0400][gc,phases    ] GC(1)   Post Evacuate Collection Set: 0.8ms
[2020-10-10T13:54:26.214-0400][gc,phases    ] GC(1)   Other: 0.2ms
[2020-10-10T13:54:26.214-0400][gc,heap      ] GC(1) Eden regions: 21->0(49)
[2020-10-10T13:54:26.214-0400][gc,heap      ] GC(1) Survivor regions: 7->2(7)
[2020-10-10T13:54:26.214-0400][gc,heap      ] GC(1) Old regions: 2->9
[2020-10-10T13:54:26.214-0400][gc,heap      ] GC(1) Humongous regions: 0->0
[2020-10-10T13:54:26.214-0400][gc,metaspace ] GC(1) Metaspace: 20494K->20494K(1067008K)
[2020-10-10T13:54:26.214-0400][gc           ] GC(1) Pause Young (Concurrent Start) (Metadata GC Threshold) 27M->8M(1024M) 9.778ms
[2020-10-10T13:54:26.214-0400][gc,cpu       ] GC(1) User=0.03s Sys=0.04s Real=0.01s
[2020-10-10T13:54:26.214-0400][gc           ] GC(2) Concurrent Cycle
[2020-10-10T13:54:26.214-0400][gc,marking   ] GC(2) Concurrent Clear Claimed Marks
[2020-10-10T13:54:26.214-0400][gc,marking   ] GC(2) Concurrent Clear Claimed Marks 0.071ms
[2020-10-10T13:54:26.214-0400][gc,marking   ] GC(2) Concurrent Scan Root Regions
[2020-10-10T13:54:26.215-0400][gc,marking   ] GC(2) Concurrent Scan Root Regions 1.240ms
[2020-10-10T13:54:26.215-0400][gc,marking   ] GC(2) Concurrent Mark (1.009s)
[2020-10-10T13:54:26.215-0400][gc,marking   ] GC(2) Concurrent Mark From Roots
[2020-10-10T13:54:26.215-0400][gc,task      ] GC(2) Using 3 workers of 3 for marking
[2020-10-10T13:54:26.218-0400][gc,marking   ] GC(2) Concurrent Mark From Roots 3.091ms
[2020-10-10T13:54:26.218-0400][gc,marking   ] GC(2) Concurrent Preclean
[2020-10-10T13:54:26.218-0400][gc,marking   ] GC(2) Concurrent Preclean 0.076ms
[2020-10-10T13:54:26.218-0400][gc,marking   ] GC(2) Concurrent Mark (1.009s, 1.012s) 3.200ms
[2020-10-10T13:54:26.219-0400][gc,start     ] GC(2) Pause Remark
[2020-10-10T13:54:26.220-0400][gc,stringtable] GC(2) Cleaned string and symbol table, strings: 4883 processed, 0 removed, symbols: 51031 processed, 47 removed
[2020-10-10T13:54:26.221-0400][gc            ] GC(2) Pause Remark 8M->8M(1024M) 1.835ms
[2020-10-10T13:54:26.221-0400][gc,cpu        ] GC(2) User=0.01s Sys=0.00s Real=0.00s
[2020-10-10T13:54:26.221-0400][gc,marking    ] GC(2) Concurrent Rebuild Remembered Sets
[2020-10-10T13:54:26.222-0400][gc,marking    ] GC(2) Concurrent Rebuild Remembered Sets 1.755ms
[2020-10-10T13:54:26.223-0400][gc,start      ] GC(2) Pause Cleanup
[2020-10-10T13:54:26.223-0400][gc            ] GC(2) Pause Cleanup 8M->8M(1024M) 0.299ms
[2020-10-10T13:54:26.223-0400][gc,cpu        ] GC(2) User=0.00s Sys=0.00s Real=0.00s
[2020-10-10T13:54:26.223-0400][gc,marking    ] GC(2) Concurrent Cleanup for Next Mark
[2020-10-10T13:54:26.225-0400][gc,marking    ] GC(2) Concurrent Cleanup for Next Mark 1.535ms
[2020-10-10T13:54:26.225-0400][gc            ] GC(2) Concurrent Cycle 10.811ms
[2020-10-10T13:54:26.983-0400][gc,start      ] GC(3) Pause Young (Normal) (G1 Evacuation Pause)
[2020-10-10T13:54:26.983-0400][gc,task       ] GC(3) Using 10 workers of 10 for evacuation
[2020-10-10T13:54:26.988-0400][gc,phases     ] GC(3)   Pre Evacuate Collection Set: 0.0ms
[2020-10-10T13:54:26.988-0400][gc,phases     ] GC(3)   Evacuate Collection Set: 3.4ms
[2020-10-10T13:54:26.988-0400][gc,phases     ] GC(3)   Post Evacuate Collection Set: 0.7ms
[2020-10-10T13:54:26.988-0400][gc,phases     ] GC(3)   Other: 0.2ms
[2020-10-10T13:54:26.988-0400][gc,heap       ] GC(3) Eden regions: 49->0(46)
[2020-10-10T13:54:26.988-0400][gc,heap       ] GC(3) Survivor regions: 2->5(7)
[2020-10-10T13:54:26.988-0400][gc,heap       ] GC(3) Old regions: 9->9
[2020-10-10T13:54:26.988-0400][gc,heap       ] GC(3) Humongous regions: 129->129
[2020-10-10T13:54:26.988-0400][gc,metaspace  ] GC(3) Metaspace: 28680K->28680K(1075200K)
[2020-10-10T13:54:26.988-0400][gc            ] GC(3) Pause Young (Normal) (G1 Evacuation Pause) 186M->140M(1024M) 4.407ms
[2020-10-10T13:54:26.988-0400][gc,cpu        ] GC(3) User=0.04s Sys=0.00s Real=0.01s
[2020-10-10T13:54:27.205-0400][gc,start      ] GC(4) Pause Young (Concurrent Start) (Metadata GC Threshold)
[2020-10-10T13:54:27.205-0400][gc,task       ] GC(4) Using 10 workers of 10 for evacuation
[2020-10-10T13:54:27.212-0400][gc,phases     ] GC(4)   Pre Evacuate Collection Set: 0.1ms
[2020-10-10T13:54:27.212-0400][gc,phases     ] GC(4)   Evacuate Collection Set: 6.3ms
[2020-10-10T13:54:27.212-0400][gc,phases     ] GC(4)   Post Evacuate Collection Set: 0.8ms
[2020-10-10T13:54:27.212-0400][gc,phases     ] GC(4)   Other: 0.2ms
[2020-10-10T13:54:27.212-0400][gc,heap       ] GC(4) Eden regions: 26->0(49)
[2020-10-10T13:54:27.212-0400][gc,heap       ] GC(4) Survivor regions: 5->2(7)
[2020-10-10T13:54:27.212-0400][gc,heap       ] GC(4) Old regions: 9->13
[2020-10-10T13:54:27.212-0400][gc,heap       ] GC(4) Humongous regions: 129->129
[2020-10-10T13:54:27.212-0400][gc,metaspace  ] GC(4) Metaspace: 34454K->34454K(1081344K)
[2020-10-10T13:54:27.212-0400][gc            ] GC(4) Pause Young (Concurrent Start) (Metadata GC Threshold) 165M->141M(1024M) 7.463ms
[2020-10-10T13:54:27.213-0400][gc,cpu        ] GC(4) User=0.08s Sys=0.00s Real=0.01s
[2020-10-10T13:54:27.213-0400][gc            ] GC(5) Concurrent Cycle
[2020-10-10T13:54:27.213-0400][gc,marking    ] GC(5) Concurrent Clear Claimed Marks
[2020-10-10T13:54:27.213-0400][gc,marking    ] GC(5) Concurrent Clear Claimed Marks 0.141ms
[2020-10-10T13:54:27.213-0400][gc,marking    ] GC(5) Concurrent Scan Root Regions
[2020-10-10T13:54:27.214-0400][gc,marking    ] GC(5) Concurrent Scan Root Regions 1.128ms
[2020-10-10T13:54:27.214-0400][gc,marking    ] GC(5) Concurrent Mark (2.007s)
[2020-10-10T13:54:27.214-0400][gc,marking    ] GC(5) Concurrent Mark From Roots
[2020-10-10T13:54:27.214-0400][gc,task       ] GC(5) Using 3 workers of 3 for marking
[2020-10-10T13:54:27.221-0400][gc,marking    ] GC(5) Concurrent Mark From Roots 7.069ms
[2020-10-10T13:54:27.221-0400][gc,marking    ] GC(5) Concurrent Preclean
[2020-10-10T13:54:27.221-0400][gc,marking    ] GC(5) Concurrent Preclean 0.134ms
[2020-10-10T13:54:27.221-0400][gc,marking    ] GC(5) Concurrent Mark (2.007s, 2.015s) 7.261ms
[2020-10-10T13:54:27.222-0400][gc,start      ] GC(5) Pause Remark
[2020-10-10T13:54:27.225-0400][gc,stringtable] GC(5) Cleaned string and symbol table, strings: 10470 processed, 10 removed, symbols: 80784 processed, 13 removed
[2020-10-10T13:54:27.225-0400][gc            ] GC(5) Pause Remark 142M->142M(1024M) 3.393ms
[2020-10-10T13:54:27.225-0400][gc,cpu        ] GC(5) User=0.03s Sys=0.00s Real=0.00s
[2020-10-10T13:54:27.225-0400][gc,marking    ] GC(5) Concurrent Rebuild Remembered Sets
[2020-10-10T13:54:27.230-0400][gc,marking    ] GC(5) Concurrent Rebuild Remembered Sets 4.733ms
[2020-10-10T13:54:27.230-0400][gc,start      ] GC(5) Pause Cleanup
[2020-10-10T13:54:27.230-0400][gc            ] GC(5) Pause Cleanup 143M->143M(1024M) 0.319ms
[2020-10-10T13:54:27.230-0400][gc,cpu        ] GC(5) User=0.00s Sys=0.00s Real=0.00s
[2020-10-10T13:54:27.231-0400][gc,marking    ] GC(5) Concurrent Cleanup for Next Mark
[2020-10-10T13:54:27.234-0400][gc,marking    ] GC(5) Concurrent Cleanup for Next Mark 3.072ms
[2020-10-10T13:54:27.234-0400][gc            ] GC(5) Concurrent Cycle 21.144ms
[2020-10-10T13:57:26.187-0400][gc,heap,exit  ] Heap
[2020-10-10T13:57:26.187-0400][gc,heap,exit  ]  garbage-first heap   total 1048576K, used 201649K [0x00000000c0000000, 0x0000000100000000)
[2020-10-10T13:57:26.187-0400][gc,heap,exit  ]   region size 1024K, 40 young (40960K), 2 survivors (2048K)
[2020-10-10T13:57:26.187-0400][gc,heap,exit  ]  Metaspace       used 38658K, capacity 40618K, committed 40704K, reserved 1085440K
[2020-10-10T13:57:26.187-0400][gc,heap,exit  ]   class space    used 4690K, capacity 5602K, committed 5632K, reserved 1048576K
