[2020-10-10T02:31:47.469-0400][gc,heap] Heap region size: 1M
[2020-10-10T02:31:47.475-0400][gc     ] Using G1
[2020-10-10T02:31:47.475-0400][gc,heap,coops] Heap address: 0x00000000c0000000, size: 1024 MB, Compressed Oops mode: 32-bit
[2020-10-10T02:31:47.475-0400][gc,cds       ] Mark closed archive regions in map: [0x00000000fff00000, 0x00000000fff69ff8]
[2020-10-10T02:31:47.475-0400][gc,cds       ] Mark open archive regions in map: [0x00000000ffe00000, 0x00000000ffe46ff8]
[2020-10-10T02:31:48.233-0400][gc,start     ] GC(0) Pause Young (Normal) (G1 Evacuation Pause)
[2020-10-10T02:31:48.235-0400][gc,task      ] GC(0) Using 10 workers of 10 for evacuation
[2020-10-10T02:31:48.247-0400][gc,phases    ] GC(0)   Pre Evacuate Collection Set: 0.0ms
[2020-10-10T02:31:48.247-0400][gc,phases    ] GC(0)   Evacuate Collection Set: 11.1ms
[2020-10-10T02:31:48.247-0400][gc,phases    ] GC(0)   Post Evacuate Collection Set: 0.6ms
[2020-10-10T02:31:48.247-0400][gc,phases    ] GC(0)   Other: 1.4ms
[2020-10-10T02:31:48.247-0400][gc,heap      ] GC(0) Eden regions: 51->0(44)
[2020-10-10T02:31:48.247-0400][gc,heap      ] GC(0) Survivor regions: 0->7(7)
[2020-10-10T02:31:48.247-0400][gc,heap      ] GC(0) Old regions: 2->2
[2020-10-10T02:31:48.247-0400][gc,heap      ] GC(0) Humongous regions: 0->0
[2020-10-10T02:31:48.247-0400][gc,metaspace ] GC(0) Metaspace: 15530K->15530K(1062912K)
[2020-10-10T02:31:48.247-0400][gc           ] GC(0) Pause Young (Normal) (G1 Evacuation Pause) 51M->6M(1024M) 13.271ms
[2020-10-10T02:31:48.247-0400][gc,cpu       ] GC(0) User=0.10s Sys=0.01s Real=0.02s
[2020-10-10T02:31:48.461-0400][gc,start     ] GC(1) Pause Young (Concurrent Start) (Metadata GC Threshold)
[2020-10-10T02:31:48.461-0400][gc,task      ] GC(1) Using 10 workers of 10 for evacuation
[2020-10-10T02:31:48.470-0400][gc,phases    ] GC(1)   Pre Evacuate Collection Set: 0.1ms
[2020-10-10T02:31:48.470-0400][gc,phases    ] GC(1)   Evacuate Collection Set: 7.7ms
[2020-10-10T02:31:48.470-0400][gc,phases    ] GC(1)   Post Evacuate Collection Set: 0.6ms
[2020-10-10T02:31:48.470-0400][gc,phases    ] GC(1)   Other: 0.2ms
[2020-10-10T02:31:48.470-0400][gc,heap      ] GC(1) Eden regions: 20->0(49)
[2020-10-10T02:31:48.470-0400][gc,heap      ] GC(1) Survivor regions: 7->2(7)
[2020-10-10T02:31:48.470-0400][gc,heap      ] GC(1) Old regions: 2->9
[2020-10-10T02:31:48.470-0400][gc,heap      ] GC(1) Humongous regions: 0->0
[2020-10-10T02:31:48.470-0400][gc,metaspace ] GC(1) Metaspace: 20493K->20493K(1067008K)
[2020-10-10T02:31:48.470-0400][gc           ] GC(1) Pause Young (Concurrent Start) (Metadata GC Threshold) 26M->7M(1024M) 8.572ms
[2020-10-10T02:31:48.470-0400][gc,cpu       ] GC(1) User=0.06s Sys=0.01s Real=0.01s
[2020-10-10T02:31:48.470-0400][gc           ] GC(2) Concurrent Cycle
[2020-10-10T02:31:48.470-0400][gc,marking   ] GC(2) Concurrent Clear Claimed Marks
[2020-10-10T02:31:48.470-0400][gc,marking   ] GC(2) Concurrent Clear Claimed Marks 0.053ms
[2020-10-10T02:31:48.470-0400][gc,marking   ] GC(2) Concurrent Scan Root Regions
[2020-10-10T02:31:48.471-0400][gc,marking   ] GC(2) Concurrent Scan Root Regions 0.988ms
[2020-10-10T02:31:48.471-0400][gc,marking   ] GC(2) Concurrent Mark (1.004s)
[2020-10-10T02:31:48.471-0400][gc,marking   ] GC(2) Concurrent Mark From Roots
[2020-10-10T02:31:48.471-0400][gc,task      ] GC(2) Using 3 workers of 3 for marking
[2020-10-10T02:31:48.474-0400][gc,marking   ] GC(2) Concurrent Mark From Roots 3.438ms
[2020-10-10T02:31:48.474-0400][gc,marking   ] GC(2) Concurrent Preclean
[2020-10-10T02:31:48.475-0400][gc,marking   ] GC(2) Concurrent Preclean 0.095ms
[2020-10-10T02:31:48.475-0400][gc,marking   ] GC(2) Concurrent Mark (1.004s, 1.008s) 3.570ms
[2020-10-10T02:31:48.475-0400][gc,start     ] GC(2) Pause Remark
[2020-10-10T02:31:48.476-0400][gc,stringtable] GC(2) Cleaned string and symbol table, strings: 4883 processed, 0 removed, symbols: 51031 processed, 47 removed
[2020-10-10T02:31:48.477-0400][gc            ] GC(2) Pause Remark 8M->8M(1024M) 1.811ms
[2020-10-10T02:31:48.477-0400][gc,cpu        ] GC(2) User=0.01s Sys=0.00s Real=0.00s
[2020-10-10T02:31:48.477-0400][gc,marking    ] GC(2) Concurrent Rebuild Remembered Sets
[2020-10-10T02:31:48.478-0400][gc,marking    ] GC(2) Concurrent Rebuild Remembered Sets 1.678ms
[2020-10-10T02:31:48.479-0400][gc,start      ] GC(2) Pause Cleanup
[2020-10-10T02:31:48.479-0400][gc            ] GC(2) Pause Cleanup 8M->8M(1024M) 0.304ms
[2020-10-10T02:31:48.479-0400][gc,cpu        ] GC(2) User=0.00s Sys=0.00s Real=0.00s
[2020-10-10T02:31:48.479-0400][gc,marking    ] GC(2) Concurrent Cleanup for Next Mark
[2020-10-10T02:31:48.481-0400][gc,marking    ] GC(2) Concurrent Cleanup for Next Mark 2.199ms
[2020-10-10T02:31:48.481-0400][gc            ] GC(2) Concurrent Cycle 11.526ms
[2020-10-10T02:31:49.050-0400][gc,start      ] GC(3) Pause Young (Normal) (G1 Evacuation Pause)
[2020-10-10T02:31:49.050-0400][gc,task       ] GC(3) Using 10 workers of 10 for evacuation
[2020-10-10T02:31:49.053-0400][gc,phases     ] GC(3)   Pre Evacuate Collection Set: 0.2ms
[2020-10-10T02:31:49.053-0400][gc,phases     ] GC(3)   Evacuate Collection Set: 2.4ms
[2020-10-10T02:31:49.053-0400][gc,phases     ] GC(3)   Post Evacuate Collection Set: 0.6ms
[2020-10-10T02:31:49.053-0400][gc,phases     ] GC(3)   Other: 0.2ms
[2020-10-10T02:31:49.053-0400][gc,heap       ] GC(3) Eden regions: 49->0(46)
[2020-10-10T02:31:49.054-0400][gc,heap       ] GC(3) Survivor regions: 2->5(7)
[2020-10-10T02:31:49.054-0400][gc,heap       ] GC(3) Old regions: 9->9
[2020-10-10T02:31:49.054-0400][gc,heap       ] GC(3) Humongous regions: 129->129
[2020-10-10T02:31:49.054-0400][gc,metaspace  ] GC(3) Metaspace: 29966K->29966K(1077248K)
[2020-10-10T02:31:49.054-0400][gc            ] GC(3) Pause Young (Normal) (G1 Evacuation Pause) 185M->140M(1024M) 3.479ms
[2020-10-10T02:31:49.054-0400][gc,cpu        ] GC(3) User=0.03s Sys=0.02s Real=0.01s
[2020-10-10T02:31:49.238-0400][gc,start      ] GC(4) Pause Young (Concurrent Start) (Metadata GC Threshold)
[2020-10-10T02:31:49.238-0400][gc,task       ] GC(4) Using 10 workers of 10 for evacuation
[2020-10-10T02:31:49.247-0400][gc,phases     ] GC(4)   Pre Evacuate Collection Set: 0.1ms
[2020-10-10T02:31:49.247-0400][gc,phases     ] GC(4)   Evacuate Collection Set: 8.2ms
[2020-10-10T02:31:49.247-0400][gc,phases     ] GC(4)   Post Evacuate Collection Set: 0.7ms
[2020-10-10T02:31:49.247-0400][gc,phases     ] GC(4)   Other: 0.3ms
[2020-10-10T02:31:49.247-0400][gc,heap       ] GC(4) Eden regions: 20->0(49)
[2020-10-10T02:31:49.247-0400][gc,heap       ] GC(4) Survivor regions: 5->2(7)
[2020-10-10T02:31:49.247-0400][gc,heap       ] GC(4) Old regions: 9->13
[2020-10-10T02:31:49.247-0400][gc,heap       ] GC(4) Humongous regions: 129->129
[2020-10-10T02:31:49.247-0400][gc,metaspace  ] GC(4) Metaspace: 34354K->34354K(1081344K)
[2020-10-10T02:31:49.247-0400][gc            ] GC(4) Pause Young (Concurrent Start) (Metadata GC Threshold) 159M->141M(1024M) 9.419ms
[2020-10-10T02:31:49.247-0400][gc,cpu        ] GC(4) User=0.01s Sys=0.07s Real=0.01s
[2020-10-10T02:31:49.247-0400][gc            ] GC(5) Concurrent Cycle
[2020-10-10T02:31:49.247-0400][gc,marking    ] GC(5) Concurrent Clear Claimed Marks
[2020-10-10T02:31:49.248-0400][gc,marking    ] GC(5) Concurrent Clear Claimed Marks 0.150ms
[2020-10-10T02:31:49.248-0400][gc,marking    ] GC(5) Concurrent Scan Root Regions
[2020-10-10T02:31:49.249-0400][gc,marking    ] GC(5) Concurrent Scan Root Regions 1.373ms
[2020-10-10T02:31:49.249-0400][gc,marking    ] GC(5) Concurrent Mark (1.782s)
[2020-10-10T02:31:49.249-0400][gc,marking    ] GC(5) Concurrent Mark From Roots
[2020-10-10T02:31:49.249-0400][gc,task       ] GC(5) Using 3 workers of 3 for marking
[2020-10-10T02:31:49.259-0400][gc,marking    ] GC(5) Concurrent Mark From Roots 9.816ms
[2020-10-10T02:31:49.259-0400][gc,marking    ] GC(5) Concurrent Preclean
[2020-10-10T02:31:49.259-0400][gc,marking    ] GC(5) Concurrent Preclean 0.135ms
[2020-10-10T02:31:49.259-0400][gc,marking    ] GC(5) Concurrent Mark (1.782s, 1.792s) 10.002ms
[2020-10-10T02:31:49.259-0400][gc,start      ] GC(5) Pause Remark
[2020-10-10T02:31:49.261-0400][gc,stringtable] GC(5) Cleaned string and symbol table, strings: 10237 processed, 9 removed, symbols: 81167 processed, 14 removed
[2020-10-10T02:31:49.262-0400][gc            ] GC(5) Pause Remark 142M->142M(1024M) 2.393ms
[2020-10-10T02:31:49.262-0400][gc,cpu        ] GC(5) User=0.02s Sys=0.00s Real=0.00s
[2020-10-10T02:31:49.262-0400][gc,marking    ] GC(5) Concurrent Rebuild Remembered Sets
[2020-10-10T02:31:49.266-0400][gc,marking    ] GC(5) Concurrent Rebuild Remembered Sets 3.798ms
[2020-10-10T02:31:49.266-0400][gc,start      ] GC(5) Pause Cleanup
[2020-10-10T02:31:49.266-0400][gc            ] GC(5) Pause Cleanup 143M->143M(1024M) 0.323ms
[2020-10-10T02:31:49.266-0400][gc,cpu        ] GC(5) User=0.00s Sys=0.00s Real=0.00s
[2020-10-10T02:31:49.267-0400][gc,marking    ] GC(5) Concurrent Cleanup for Next Mark
[2020-10-10T02:31:49.269-0400][gc,marking    ] GC(5) Concurrent Cleanup for Next Mark 2.362ms
[2020-10-10T02:31:49.269-0400][gc            ] GC(5) Concurrent Cycle 21.553ms
[2020-10-10T02:43:48.652-0400][gc,start      ] GC(6) Pause Young (Normal) (G1 Evacuation Pause)
[2020-10-10T02:43:48.652-0400][gc,task       ] GC(6) Using 10 workers of 10 for evacuation
[2020-10-10T02:43:48.656-0400][gc,phases     ] GC(6)   Pre Evacuate Collection Set: 0.3ms
[2020-10-10T02:43:48.656-0400][gc,phases     ] GC(6)   Evacuate Collection Set: 3.1ms
[2020-10-10T02:43:48.656-0400][gc,phases     ] GC(6)   Post Evacuate Collection Set: 0.7ms
[2020-10-10T02:43:48.656-0400][gc,phases     ] GC(6)   Other: 0.2ms
[2020-10-10T02:43:48.656-0400][gc,heap       ] GC(6) Eden regions: 49->0(47)
[2020-10-10T02:43:48.656-0400][gc,heap       ] GC(6) Survivor regions: 2->4(7)
[2020-10-10T02:43:48.656-0400][gc,heap       ] GC(6) Old regions: 13->13
[2020-10-10T02:43:48.656-0400][gc,heap       ] GC(6) Humongous regions: 129->129
[2020-10-10T02:43:48.656-0400][gc,metaspace  ] GC(6) Metaspace: 38333K->38333K(1083392K)
[2020-10-10T02:43:48.656-0400][gc            ] GC(6) Pause Young (Normal) (G1 Evacuation Pause) 190M->144M(1024M) 4.290ms
[2020-10-10T02:43:48.656-0400][gc,cpu        ] GC(6) User=0.03s Sys=0.00s Real=0.01s
[2020-10-10T02:58:32.517-0400][gc,start      ] GC(7) Pause Young (Normal) (G1 Evacuation Pause)
[2020-10-10T02:58:32.517-0400][gc,task       ] GC(7) Using 10 workers of 10 for evacuation
[2020-10-10T02:58:32.521-0400][gc,phases     ] GC(7)   Pre Evacuate Collection Set: 0.1ms
[2020-10-10T02:58:32.521-0400][gc,phases     ] GC(7)   Evacuate Collection Set: 2.5ms
[2020-10-10T02:58:32.521-0400][gc,phases     ] GC(7)   Post Evacuate Collection Set: 0.7ms
[2020-10-10T02:58:32.521-0400][gc,phases     ] GC(7)   Other: 0.2ms
[2020-10-10T02:58:32.521-0400][gc,heap       ] GC(7) Eden regions: 47->0(47)
[2020-10-10T02:58:32.521-0400][gc,heap       ] GC(7) Survivor regions: 4->4(7)
[2020-10-10T02:58:32.521-0400][gc,heap       ] GC(7) Old regions: 13->14
[2020-10-10T02:58:32.521-0400][gc,heap       ] GC(7) Humongous regions: 129->129
[2020-10-10T02:58:32.521-0400][gc,metaspace  ] GC(7) Metaspace: 39119K->39119K(1085440K)
[2020-10-10T02:58:32.521-0400][gc            ] GC(7) Pause Young (Normal) (G1 Evacuation Pause) 191M->145M(1024M) 3.603ms
[2020-10-10T02:58:32.521-0400][gc,cpu        ] GC(7) User=0.02s Sys=0.01s Real=0.00s
[2020-10-10T03:14:18.554-0400][gc,start      ] GC(8) Pause Young (Normal) (G1 Evacuation Pause)
[2020-10-10T03:14:18.554-0400][gc,task       ] GC(8) Using 10 workers of 10 for evacuation
[2020-10-10T03:14:18.564-0400][gc,phases     ] GC(8)   Pre Evacuate Collection Set: 0.0ms
[2020-10-10T03:14:18.564-0400][gc,phases     ] GC(8)   Evacuate Collection Set: 3.4ms
[2020-10-10T03:14:18.564-0400][gc,phases     ] GC(8)   Post Evacuate Collection Set: 6.6ms
[2020-10-10T03:14:18.564-0400][gc,phases     ] GC(8)   Other: 0.1ms
[2020-10-10T03:14:18.564-0400][gc,heap       ] GC(8) Eden regions: 47->0(46)
[2020-10-10T03:14:18.564-0400][gc,heap       ] GC(8) Survivor regions: 4->5(7)
[2020-10-10T03:14:18.564-0400][gc,heap       ] GC(8) Old regions: 14->14
[2020-10-10T03:14:18.564-0400][gc,heap       ] GC(8) Humongous regions: 129->129
[2020-10-10T03:14:18.564-0400][gc,metaspace  ] GC(8) Metaspace: 39191K->39191K(1085440K)
[2020-10-10T03:14:18.564-0400][gc            ] GC(8) Pause Young (Normal) (G1 Evacuation Pause) 192M->146M(1024M) 10.249ms
[2020-10-10T03:14:18.564-0400][gc,cpu        ] GC(8) User=0.07s Sys=0.00s Real=0.01s
[2020-10-10T03:30:18.542-0400][gc,start      ] GC(9) Pause Young (Normal) (G1 Evacuation Pause)
[2020-10-10T03:30:18.542-0400][gc,task       ] GC(9) Using 10 workers of 10 for evacuation
[2020-10-10T03:30:18.547-0400][gc,phases     ] GC(9)   Pre Evacuate Collection Set: 0.0ms
[2020-10-10T03:30:18.547-0400][gc,phases     ] GC(9)   Evacuate Collection Set: 3.4ms
[2020-10-10T03:30:18.547-0400][gc,phases     ] GC(9)   Post Evacuate Collection Set: 0.6ms
[2020-10-10T03:30:18.547-0400][gc,phases     ] GC(9)   Other: 0.2ms
[2020-10-10T03:30:18.547-0400][gc,heap       ] GC(9) Eden regions: 46->0(57)
[2020-10-10T03:30:18.547-0400][gc,heap       ] GC(9) Survivor regions: 5->4(7)
[2020-10-10T03:30:18.547-0400][gc,heap       ] GC(9) Old regions: 14->16
[2020-10-10T03:30:18.547-0400][gc,heap       ] GC(9) Humongous regions: 129->129
[2020-10-10T03:30:18.547-0400][gc,metaspace  ] GC(9) Metaspace: 39259K->39259K(1085440K)
[2020-10-10T03:30:18.547-0400][gc            ] GC(9) Pause Young (Normal) (G1 Evacuation Pause) 192M->146M(1024M) 4.286ms
[2020-10-10T03:30:18.547-0400][gc,cpu        ] GC(9) User=0.03s Sys=0.00s Real=0.01s
[2020-10-10T13:16:27.954-0400][gc,start      ] GC(10) Pause Young (Normal) (G1 Evacuation Pause)
[2020-10-10T13:16:27.954-0400][gc,task       ] GC(10) Using 10 workers of 10 for evacuation
[2020-10-10T13:16:27.959-0400][gc,phases     ] GC(10)   Pre Evacuate Collection Set: 0.0ms
[2020-10-10T13:16:27.959-0400][gc,phases     ] GC(10)   Evacuate Collection Set: 2.8ms
[2020-10-10T13:16:27.959-0400][gc,phases     ] GC(10)   Post Evacuate Collection Set: 1.4ms
[2020-10-10T13:16:27.959-0400][gc,phases     ] GC(10)   Other: 0.2ms
[2020-10-10T13:16:27.959-0400][gc,heap       ] GC(10) Eden regions: 57->0(545)
[2020-10-10T13:16:27.959-0400][gc,heap       ] GC(10) Survivor regions: 4->3(8)
[2020-10-10T13:16:27.959-0400][gc,heap       ] GC(10) Old regions: 16->16
[2020-10-10T13:16:27.959-0400][gc,heap       ] GC(10) Humongous regions: 129->129
[2020-10-10T13:16:27.959-0400][gc,metaspace  ] GC(10) Metaspace: 39326K->39326K(1085440K)
[2020-10-10T13:16:27.959-0400][gc            ] GC(10) Pause Young (Normal) (G1 Evacuation Pause) 203M->146M(1024M) 4.520ms
[2020-10-10T13:16:27.959-0400][gc,cpu        ] GC(10) User=0.03s Sys=0.00s Real=0.01s
[2020-10-10T13:49:53.143-0400][gc,heap,exit  ] Heap
[2020-10-10T13:49:53.143-0400][gc,heap,exit  ]  garbage-first heap   total 1048576K, used 268388K [0x00000000c0000000, 0x0000000100000000)
[2020-10-10T13:49:53.143-0400][gc,heap,exit  ]   region size 1024K, 120 young (122880K), 3 survivors (3072K)
[2020-10-10T13:49:53.143-0400][gc,heap,exit  ]  Metaspace       used 40254K, capacity 42434K, committed 42624K, reserved 1085440K
[2020-10-10T13:49:53.143-0400][gc,heap,exit  ]   class space    used 4922K, capacity 5963K, committed 6016K, reserved 1048576K
