[2020-10-10T02:18:04.688-0400][gc,heap] Heap region size: 1M
[2020-10-10T02:18:04.693-0400][gc     ] Using G1
[2020-10-10T02:18:04.693-0400][gc,heap,coops] Heap address: 0x00000000c0000000, size: 1024 MB, Compressed Oops mode: 32-bit
[2020-10-10T02:18:04.693-0400][gc,cds       ] Mark closed archive regions in map: [0x00000000fff00000, 0x00000000fff69ff8]
[2020-10-10T02:18:04.693-0400][gc,cds       ] Mark open archive regions in map: [0x00000000ffe00000, 0x00000000ffe46ff8]
[2020-10-10T02:18:05.490-0400][gc,start     ] GC(0) Pause Young (Normal) (G1 Evacuation Pause)
[2020-10-10T02:18:05.492-0400][gc,task      ] GC(0) Using 10 workers of 10 for evacuation
[2020-10-10T02:18:05.503-0400][gc,phases    ] GC(0)   Pre Evacuate Collection Set: 0.0ms
[2020-10-10T02:18:05.503-0400][gc,phases    ] GC(0)   Evacuate Collection Set: 10.3ms
[2020-10-10T02:18:05.503-0400][gc,phases    ] GC(0)   Post Evacuate Collection Set: 0.7ms
[2020-10-10T02:18:05.503-0400][gc,phases    ] GC(0)   Other: 1.4ms
[2020-10-10T02:18:05.503-0400][gc,heap      ] GC(0) Eden regions: 51->0(44)
[2020-10-10T02:18:05.503-0400][gc,heap      ] GC(0) Survivor regions: 0->7(7)
[2020-10-10T02:18:05.503-0400][gc,heap      ] GC(0) Old regions: 2->2
[2020-10-10T02:18:05.503-0400][gc,heap      ] GC(0) Humongous regions: 0->0
[2020-10-10T02:18:05.503-0400][gc,metaspace ] GC(0) Metaspace: 15522K->15522K(1062912K)
[2020-10-10T02:18:05.503-0400][gc           ] GC(0) Pause Young (Normal) (G1 Evacuation Pause) 51M->6M(1024M) 12.421ms
[2020-10-10T02:18:05.503-0400][gc,cpu       ] GC(0) User=0.09s Sys=0.01s Real=0.01s
[2020-10-10T02:18:05.713-0400][gc,start     ] GC(1) Pause Young (Concurrent Start) (Metadata GC Threshold)
[2020-10-10T02:18:05.713-0400][gc,task      ] GC(1) Using 10 workers of 10 for evacuation
[2020-10-10T02:18:05.722-0400][gc,phases    ] GC(1)   Pre Evacuate Collection Set: 0.1ms
[2020-10-10T02:18:05.722-0400][gc,phases    ] GC(1)   Evacuate Collection Set: 7.9ms
[2020-10-10T02:18:05.722-0400][gc,phases    ] GC(1)   Post Evacuate Collection Set: 0.6ms
[2020-10-10T02:18:05.722-0400][gc,phases    ] GC(1)   Other: 0.2ms
[2020-10-10T02:18:05.722-0400][gc,heap      ] GC(1) Eden regions: 20->0(49)
[2020-10-10T02:18:05.722-0400][gc,heap      ] GC(1) Survivor regions: 7->2(7)
[2020-10-10T02:18:05.722-0400][gc,heap      ] GC(1) Old regions: 2->9
[2020-10-10T02:18:05.722-0400][gc,heap      ] GC(1) Humongous regions: 0->0
[2020-10-10T02:18:05.722-0400][gc,metaspace ] GC(1) Metaspace: 20500K->20500K(1067008K)
[2020-10-10T02:18:05.722-0400][gc           ] GC(1) Pause Young (Concurrent Start) (Metadata GC Threshold) 26M->8M(1024M) 8.783ms
[2020-10-10T02:18:05.722-0400][gc,cpu       ] GC(1) User=0.00s Sys=0.07s Real=0.01s
[2020-10-10T02:18:05.722-0400][gc           ] GC(2) Concurrent Cycle
[2020-10-10T02:18:05.722-0400][gc,marking   ] GC(2) Concurrent Clear Claimed Marks
[2020-10-10T02:18:05.722-0400][gc,marking   ] GC(2) Concurrent Clear Claimed Marks 0.059ms
[2020-10-10T02:18:05.722-0400][gc,marking   ] GC(2) Concurrent Scan Root Regions
[2020-10-10T02:18:05.723-0400][gc,marking   ] GC(2) Concurrent Scan Root Regions 1.076ms
[2020-10-10T02:18:05.723-0400][gc,marking   ] GC(2) Concurrent Mark (1.037s)
[2020-10-10T02:18:05.723-0400][gc,marking   ] GC(2) Concurrent Mark From Roots
[2020-10-10T02:18:05.723-0400][gc,task      ] GC(2) Using 3 workers of 3 for marking
[2020-10-10T02:18:05.726-0400][gc,marking   ] GC(2) Concurrent Mark From Roots 3.351ms
[2020-10-10T02:18:05.726-0400][gc,marking   ] GC(2) Concurrent Preclean
[2020-10-10T02:18:05.726-0400][gc,marking   ] GC(2) Concurrent Preclean 0.066ms
[2020-10-10T02:18:05.726-0400][gc,marking   ] GC(2) Concurrent Mark (1.037s, 1.041s) 3.450ms
[2020-10-10T02:18:05.727-0400][gc,start     ] GC(2) Pause Remark
[2020-10-10T02:18:05.728-0400][gc,stringtable] GC(2) Cleaned string and symbol table, strings: 4891 processed, 0 removed, symbols: 51082 processed, 47 removed
[2020-10-10T02:18:05.729-0400][gc            ] GC(2) Pause Remark 8M->8M(1024M) 1.816ms
[2020-10-10T02:18:05.729-0400][gc,cpu        ] GC(2) User=0.01s Sys=0.00s Real=0.00s
[2020-10-10T02:18:05.729-0400][gc,marking    ] GC(2) Concurrent Rebuild Remembered Sets
[2020-10-10T02:18:05.730-0400][gc,marking    ] GC(2) Concurrent Rebuild Remembered Sets 1.782ms
[2020-10-10T02:18:05.731-0400][gc,start      ] GC(2) Pause Cleanup
[2020-10-10T02:18:05.731-0400][gc            ] GC(2) Pause Cleanup 8M->8M(1024M) 0.260ms
[2020-10-10T02:18:05.731-0400][gc,cpu        ] GC(2) User=0.00s Sys=0.00s Real=0.00s
[2020-10-10T02:18:05.731-0400][gc,marking    ] GC(2) Concurrent Cleanup for Next Mark
[2020-10-10T02:18:05.733-0400][gc,marking    ] GC(2) Concurrent Cleanup for Next Mark 2.000ms
[2020-10-10T02:18:05.733-0400][gc            ] GC(2) Concurrent Cycle 11.359ms
[2020-10-10T02:18:06.363-0400][gc,start      ] GC(3) Pause Young (Normal) (G1 Evacuation Pause)
[2020-10-10T02:18:06.363-0400][gc,task       ] GC(3) Using 10 workers of 10 for evacuation
[2020-10-10T02:18:06.366-0400][gc,phases     ] GC(3)   Pre Evacuate Collection Set: 0.6ms
[2020-10-10T02:18:06.366-0400][gc,phases     ] GC(3)   Evacuate Collection Set: 2.2ms
[2020-10-10T02:18:06.366-0400][gc,phases     ] GC(3)   Post Evacuate Collection Set: 0.6ms
[2020-10-10T02:18:06.366-0400][gc,phases     ] GC(3)   Other: 0.1ms
[2020-10-10T02:18:06.366-0400][gc,heap       ] GC(3) Eden regions: 49->0(46)
[2020-10-10T02:18:06.366-0400][gc,heap       ] GC(3) Survivor regions: 2->5(7)
[2020-10-10T02:18:06.366-0400][gc,heap       ] GC(3) Old regions: 9->9
[2020-10-10T02:18:06.366-0400][gc,heap       ] GC(3) Humongous regions: 129->129
[2020-10-10T02:18:06.366-0400][gc,metaspace  ] GC(3) Metaspace: 30154K->30154K(1077248K)
[2020-10-10T02:18:06.366-0400][gc            ] GC(3) Pause Young (Normal) (G1 Evacuation Pause) 186M->140M(1024M) 3.649ms
[2020-10-10T02:18:06.366-0400][gc,cpu        ] GC(3) User=0.02s Sys=0.00s Real=0.01s
[2020-10-10T02:18:06.526-0400][gc,start      ] GC(4) Pause Young (Concurrent Start) (Metadata GC Threshold)
[2020-10-10T02:18:06.526-0400][gc,task       ] GC(4) Using 10 workers of 10 for evacuation
[2020-10-10T02:18:06.533-0400][gc,phases     ] GC(4)   Pre Evacuate Collection Set: 0.1ms
[2020-10-10T02:18:06.533-0400][gc,phases     ] GC(4)   Evacuate Collection Set: 6.8ms
[2020-10-10T02:18:06.533-0400][gc,phases     ] GC(4)   Post Evacuate Collection Set: 0.6ms
[2020-10-10T02:18:06.533-0400][gc,phases     ] GC(4)   Other: 0.2ms
[2020-10-10T02:18:06.533-0400][gc,heap       ] GC(4) Eden regions: 20->0(49)
[2020-10-10T02:18:06.533-0400][gc,heap       ] GC(4) Survivor regions: 5->2(7)
[2020-10-10T02:18:06.533-0400][gc,heap       ] GC(4) Old regions: 9->13
[2020-10-10T02:18:06.533-0400][gc,heap       ] GC(4) Humongous regions: 129->129
[2020-10-10T02:18:06.533-0400][gc,metaspace  ] GC(4) Metaspace: 34399K->34399K(1081344K)
[2020-10-10T02:18:06.533-0400][gc            ] GC(4) Pause Young (Concurrent Start) (Metadata GC Threshold) 159M->141M(1024M) 7.754ms
[2020-10-10T02:18:06.533-0400][gc,cpu        ] GC(4) User=0.05s Sys=0.01s Real=0.00s
[2020-10-10T02:18:06.533-0400][gc            ] GC(5) Concurrent Cycle
[2020-10-10T02:18:06.533-0400][gc,marking    ] GC(5) Concurrent Clear Claimed Marks
[2020-10-10T02:18:06.534-0400][gc,marking    ] GC(5) Concurrent Clear Claimed Marks 0.169ms
[2020-10-10T02:18:06.534-0400][gc,marking    ] GC(5) Concurrent Scan Root Regions
[2020-10-10T02:18:06.535-0400][gc,marking    ] GC(5) Concurrent Scan Root Regions 1.074ms
[2020-10-10T02:18:06.535-0400][gc,marking    ] GC(5) Concurrent Mark (1.849s)
[2020-10-10T02:18:06.535-0400][gc,marking    ] GC(5) Concurrent Mark From Roots
[2020-10-10T02:18:06.535-0400][gc,task       ] GC(5) Using 3 workers of 3 for marking
[2020-10-10T02:18:06.541-0400][gc,marking    ] GC(5) Concurrent Mark From Roots 6.335ms
[2020-10-10T02:18:06.541-0400][gc,marking    ] GC(5) Concurrent Preclean
[2020-10-10T02:18:06.541-0400][gc,marking    ] GC(5) Concurrent Preclean 0.094ms
[2020-10-10T02:18:06.541-0400][gc,marking    ] GC(5) Concurrent Mark (1.849s, 1.856s) 6.489ms
[2020-10-10T02:18:06.542-0400][gc,start      ] GC(5) Pause Remark
[2020-10-10T02:18:06.544-0400][gc,stringtable] GC(5) Cleaned string and symbol table, strings: 10226 processed, 10 removed, symbols: 81179 processed, 14 removed
[2020-10-10T02:18:06.544-0400][gc            ] GC(5) Pause Remark 142M->142M(1024M) 2.530ms
[2020-10-10T02:18:06.544-0400][gc,cpu        ] GC(5) User=0.03s Sys=0.00s Real=0.01s
[2020-10-10T02:18:06.544-0400][gc,marking    ] GC(5) Concurrent Rebuild Remembered Sets
[2020-10-10T02:18:06.547-0400][gc,marking    ] GC(5) Concurrent Rebuild Remembered Sets 3.123ms
[2020-10-10T02:18:06.548-0400][gc,start      ] GC(5) Pause Cleanup
[2020-10-10T02:18:06.548-0400][gc            ] GC(5) Pause Cleanup 142M->142M(1024M) 0.297ms
[2020-10-10T02:18:06.548-0400][gc,cpu        ] GC(5) User=0.00s Sys=0.00s Real=0.00s
[2020-10-10T02:18:06.548-0400][gc,marking    ] GC(5) Concurrent Cleanup for Next Mark
[2020-10-10T02:18:06.550-0400][gc,marking    ] GC(5) Concurrent Cleanup for Next Mark 1.863ms
[2020-10-10T02:18:06.550-0400][gc            ] GC(5) Concurrent Cycle 16.682ms
[2020-10-10T02:31:43.761-0400][gc,heap,exit  ] Heap
[2020-10-10T02:31:43.761-0400][gc,heap,exit  ]  garbage-first heap   total 1048576K, used 183029K [0x00000000c0000000, 0x0000000100000000)
[2020-10-10T02:31:43.761-0400][gc,heap,exit  ]   region size 1024K, 41 young (41984K), 2 survivors (2048K)
[2020-10-10T02:31:43.761-0400][gc,heap,exit  ]  Metaspace       used 37514K, capacity 39360K, committed 39552K, reserved 1083392K
[2020-10-10T02:31:43.761-0400][gc,heap,exit  ]   class space    used 4537K, capacity 5388K, committed 5504K, reserved 1048576K
