[2020-10-10T02:14:13.150-0400][gc,heap] Heap region size: 1M
[2020-10-10T02:14:13.156-0400][gc     ] Using G1
[2020-10-10T02:14:13.156-0400][gc,heap,coops] Heap address: 0x00000000c0000000, size: 1024 MB, Compressed Oops mode: 32-bit
[2020-10-10T02:14:13.156-0400][gc,cds       ] Mark closed archive regions in map: [0x00000000fff00000, 0x00000000fff69ff8]
[2020-10-10T02:14:13.156-0400][gc,cds       ] Mark open archive regions in map: [0x00000000ffe00000, 0x00000000ffe46ff8]
[2020-10-10T02:14:14.104-0400][gc,start     ] GC(0) Pause Young (Normal) (G1 Evacuation Pause)
[2020-10-10T02:14:14.105-0400][gc,task      ] GC(0) Using 10 workers of 10 for evacuation
[2020-10-10T02:14:14.116-0400][gc,phases    ] GC(0)   Pre Evacuate Collection Set: 0.0ms
[2020-10-10T02:14:14.116-0400][gc,phases    ] GC(0)   Evacuate Collection Set: 9.6ms
[2020-10-10T02:14:14.116-0400][gc,phases    ] GC(0)   Post Evacuate Collection Set: 0.7ms
[2020-10-10T02:14:14.116-0400][gc,phases    ] GC(0)   Other: 1.3ms
[2020-10-10T02:14:14.116-0400][gc,heap      ] GC(0) Eden regions: 51->0(44)
[2020-10-10T02:14:14.116-0400][gc,heap      ] GC(0) Survivor regions: 0->7(7)
[2020-10-10T02:14:14.116-0400][gc,heap      ] GC(0) Old regions: 2->2
[2020-10-10T02:14:14.116-0400][gc,heap      ] GC(0) Humongous regions: 0->0
[2020-10-10T02:14:14.116-0400][gc,metaspace ] GC(0) Metaspace: 15653K->15653K(1062912K)
[2020-10-10T02:14:14.116-0400][gc           ] GC(0) Pause Young (Normal) (G1 Evacuation Pause) 51M->6M(1024M) 11.638ms
[2020-10-10T02:14:14.116-0400][gc,cpu       ] GC(0) User=0.10s Sys=0.00s Real=0.01s
[2020-10-10T02:14:16.281-0400][gc,heap,exit ] Heap
[2020-10-10T02:14:16.281-0400][gc,heap,exit ]  garbage-first heap   total 1048576K, used 24472K [0x00000000c0000000, 0x0000000100000000)
[2020-10-10T02:14:16.281-0400][gc,heap,exit ]   region size 1024K, 25 young (25600K), 7 survivors (7168K)
[2020-10-10T02:14:16.281-0400][gc,heap,exit ]  Metaspace       used 20172K, capacity 20770K, committed 20864K, reserved 1067008K
[2020-10-10T02:14:16.281-0400][gc,heap,exit ]   class space    used 2464K, capacity 2688K, committed 2688K, reserved 1048576K
