[2020-10-10T00:05:34.391-0400][gc,heap] Heap region size: 1M
[2020-10-10T00:05:34.396-0400][gc     ] Using G1
[2020-10-10T00:05:34.396-0400][gc,heap,coops] Heap address: 0x00000000c0000000, size: 1024 MB, Compressed Oops mode: 32-bit
[2020-10-10T00:05:34.397-0400][gc,cds       ] Mark closed archive regions in map: [0x00000000fff00000, 0x00000000fff69ff8]
[2020-10-10T00:05:34.397-0400][gc,cds       ] Mark open archive regions in map: [0x00000000ffe00000, 0x00000000ffe46ff8]
[2020-10-10T00:05:35.232-0400][gc,start     ] GC(0) Pause Young (Normal) (G1 Evacuation Pause)
[2020-10-10T00:05:35.233-0400][gc,task      ] GC(0) Using 10 workers of 10 for evacuation
[2020-10-10T00:05:35.242-0400][gc,phases    ] GC(0)   Pre Evacuate Collection Set: 0.0ms
[2020-10-10T00:05:35.242-0400][gc,phases    ] GC(0)   Evacuate Collection Set: 8.1ms
[2020-10-10T00:05:35.242-0400][gc,phases    ] GC(0)   Post Evacuate Collection Set: 0.6ms
[2020-10-10T00:05:35.242-0400][gc,phases    ] GC(0)   Other: 1.3ms
[2020-10-10T00:05:35.242-0400][gc,heap      ] GC(0) Eden regions: 51->0(44)
[2020-10-10T00:05:35.242-0400][gc,heap      ] GC(0) Survivor regions: 0->7(7)
[2020-10-10T00:05:35.242-0400][gc,heap      ] GC(0) Old regions: 2->2
[2020-10-10T00:05:35.242-0400][gc,heap      ] GC(0) Humongous regions: 0->0
[2020-10-10T00:05:35.242-0400][gc,metaspace ] GC(0) Metaspace: 15555K->15555K(1062912K)
[2020-10-10T00:05:35.242-0400][gc           ] GC(0) Pause Young (Normal) (G1 Evacuation Pause) 51M->6M(1024M) 10.097ms
[2020-10-10T00:05:35.242-0400][gc,cpu       ] GC(0) User=0.08s Sys=0.00s Real=0.01s
[2020-10-10T00:05:35.505-0400][gc,start     ] GC(1) Pause Young (Concurrent Start) (Metadata GC Threshold)
[2020-10-10T00:05:35.505-0400][gc,task      ] GC(1) Using 10 workers of 10 for evacuation
[2020-10-10T00:05:35.515-0400][gc,phases    ] GC(1)   Pre Evacuate Collection Set: 0.0ms
[2020-10-10T00:05:35.515-0400][gc,phases    ] GC(1)   Evacuate Collection Set: 9.3ms
[2020-10-10T00:05:35.515-0400][gc,phases    ] GC(1)   Post Evacuate Collection Set: 0.5ms
[2020-10-10T00:05:35.515-0400][gc,phases    ] GC(1)   Other: 0.2ms
[2020-10-10T00:05:35.515-0400][gc,heap      ] GC(1) Eden regions: 22->0(49)
[2020-10-10T00:05:35.515-0400][gc,heap      ] GC(1) Survivor regions: 7->2(7)
[2020-10-10T00:05:35.515-0400][gc,heap      ] GC(1) Old regions: 2->9
[2020-10-10T00:05:35.515-0400][gc,heap      ] GC(1) Humongous regions: 129->129
[2020-10-10T00:05:35.515-0400][gc,metaspace ] GC(1) Metaspace: 20596K->20596K(1067008K)
[2020-10-10T00:05:35.515-0400][gc           ] GC(1) Pause Young (Concurrent Start) (Metadata GC Threshold) 157M->137M(1024M) 10.153ms
[2020-10-10T00:05:35.515-0400][gc,cpu       ] GC(1) User=0.07s Sys=0.00s Real=0.01s
[2020-10-10T00:05:35.515-0400][gc           ] GC(2) Concurrent Cycle
[2020-10-10T00:05:35.515-0400][gc,marking   ] GC(2) Concurrent Clear Claimed Marks
[2020-10-10T00:05:35.515-0400][gc,marking   ] GC(2) Concurrent Clear Claimed Marks 0.054ms
[2020-10-10T00:05:35.515-0400][gc,marking   ] GC(2) Concurrent Scan Root Regions
[2020-10-10T00:05:35.516-0400][gc,marking   ] GC(2) Concurrent Scan Root Regions 0.802ms
[2020-10-10T00:05:35.516-0400][gc,marking   ] GC(2) Concurrent Mark (1.127s)
[2020-10-10T00:05:35.516-0400][gc,marking   ] GC(2) Concurrent Mark From Roots
[2020-10-10T00:05:35.516-0400][gc,task      ] GC(2) Using 3 workers of 3 for marking
[2020-10-10T00:05:35.523-0400][gc,marking   ] GC(2) Concurrent Mark From Roots 7.397ms
[2020-10-10T00:05:35.523-0400][gc,marking   ] GC(2) Concurrent Preclean
[2020-10-10T00:05:35.524-0400][gc,marking   ] GC(2) Concurrent Preclean 0.420ms
[2020-10-10T00:05:35.524-0400][gc,marking   ] GC(2) Concurrent Mark (1.127s, 1.135s) 7.902ms
[2020-10-10T00:05:35.524-0400][gc,start     ] GC(2) Pause Remark
[2020-10-10T00:05:35.527-0400][gc,stringtable] GC(2) Cleaned string and symbol table, strings: 4992 processed, 0 removed, symbols: 50820 processed, 43 removed
[2020-10-10T00:05:35.527-0400][gc            ] GC(2) Pause Remark 138M->138M(1024M) 3.030ms
[2020-10-10T00:05:35.527-0400][gc,cpu        ] GC(2) User=0.01s Sys=0.00s Real=0.00s
[2020-10-10T00:05:35.527-0400][gc,marking    ] GC(2) Concurrent Rebuild Remembered Sets
[2020-10-10T00:05:35.529-0400][gc,marking    ] GC(2) Concurrent Rebuild Remembered Sets 1.803ms
[2020-10-10T00:05:35.530-0400][gc,start      ] GC(2) Pause Cleanup
[2020-10-10T00:05:35.530-0400][gc            ] GC(2) Pause Cleanup 138M->138M(1024M) 0.292ms
[2020-10-10T00:05:35.530-0400][gc,cpu        ] GC(2) User=0.00s Sys=0.00s Real=0.00s
[2020-10-10T00:05:35.530-0400][gc,marking    ] GC(2) Concurrent Cleanup for Next Mark
[2020-10-10T00:05:35.532-0400][gc,marking    ] GC(2) Concurrent Cleanup for Next Mark 1.843ms
[2020-10-10T00:05:35.532-0400][gc            ] GC(2) Concurrent Cycle 17.063ms
[2020-10-10T00:05:35.996-0400][gc,start      ] GC(3) Pause Young (Normal) (G1 Evacuation Pause)
[2020-10-10T00:05:35.996-0400][gc,task       ] GC(3) Using 10 workers of 10 for evacuation
[2020-10-10T00:05:36.000-0400][gc,phases     ] GC(3)   Pre Evacuate Collection Set: 0.0ms
[2020-10-10T00:05:36.000-0400][gc,phases     ] GC(3)   Evacuate Collection Set: 2.9ms
[2020-10-10T00:05:36.000-0400][gc,phases     ] GC(3)   Post Evacuate Collection Set: 0.6ms
[2020-10-10T00:05:36.000-0400][gc,phases     ] GC(3)   Other: 0.2ms
[2020-10-10T00:05:36.000-0400][gc,heap       ] GC(3) Eden regions: 49->0(45)
[2020-10-10T00:05:36.000-0400][gc,heap       ] GC(3) Survivor regions: 2->6(7)
[2020-10-10T00:05:36.000-0400][gc,heap       ] GC(3) Old regions: 9->9
[2020-10-10T00:05:36.000-0400][gc,heap       ] GC(3) Humongous regions: 129->129
[2020-10-10T00:05:36.000-0400][gc,metaspace  ] GC(3) Metaspace: 30207K->30207K(1077248K)
[2020-10-10T00:05:36.000-0400][gc            ] GC(3) Pause Young (Normal) (G1 Evacuation Pause) 186M->140M(1024M) 3.780ms
[2020-10-10T00:05:36.000-0400][gc,cpu        ] GC(3) User=0.03s Sys=0.01s Real=0.00s
[2020-10-10T00:07:14.335-0400][gc,start      ] GC(4) Pause Young (Concurrent Start) (Metadata GC Threshold)
[2020-10-10T00:07:14.335-0400][gc,task       ] GC(4) Using 10 workers of 10 for evacuation
[2020-10-10T00:07:14.342-0400][gc,phases     ] GC(4)   Pre Evacuate Collection Set: 0.1ms
[2020-10-10T00:07:14.342-0400][gc,phases     ] GC(4)   Evacuate Collection Set: 6.3ms
[2020-10-10T00:07:14.342-0400][gc,phases     ] GC(4)   Post Evacuate Collection Set: 0.6ms
[2020-10-10T00:07:14.342-0400][gc,phases     ] GC(4)   Other: 0.2ms
[2020-10-10T00:07:14.342-0400][gc,heap       ] GC(4) Eden regions: 20->0(49)
[2020-10-10T00:07:14.342-0400][gc,heap       ] GC(4) Survivor regions: 6->2(7)
[2020-10-10T00:07:14.342-0400][gc,heap       ] GC(4) Old regions: 9->13
[2020-10-10T00:07:14.342-0400][gc,heap       ] GC(4) Humongous regions: 129->129
[2020-10-10T00:07:14.342-0400][gc,metaspace  ] GC(4) Metaspace: 34397K->34397K(1081344K)
[2020-10-10T00:07:14.342-0400][gc            ] GC(4) Pause Young (Concurrent Start) (Metadata GC Threshold) 160M->141M(1024M) 7.285ms
[2020-10-10T00:07:14.342-0400][gc,cpu        ] GC(4) User=0.04s Sys=0.01s Real=0.00s
[2020-10-10T00:07:14.342-0400][gc            ] GC(5) Concurrent Cycle
[2020-10-10T00:07:14.342-0400][gc,marking    ] GC(5) Concurrent Clear Claimed Marks
[2020-10-10T00:07:14.342-0400][gc,marking    ] GC(5) Concurrent Clear Claimed Marks 0.109ms
[2020-10-10T00:07:14.342-0400][gc,marking    ] GC(5) Concurrent Scan Root Regions
[2020-10-10T00:07:14.343-0400][gc,marking    ] GC(5) Concurrent Scan Root Regions 0.936ms
[2020-10-10T00:07:14.343-0400][gc,marking    ] GC(5) Concurrent Mark (99.954s)
[2020-10-10T00:07:14.343-0400][gc,marking    ] GC(5) Concurrent Mark From Roots
[2020-10-10T00:07:14.343-0400][gc,task       ] GC(5) Using 3 workers of 3 for marking
[2020-10-10T00:07:14.349-0400][gc,marking    ] GC(5) Concurrent Mark From Roots 5.571ms
[2020-10-10T00:07:14.349-0400][gc,marking    ] GC(5) Concurrent Preclean
[2020-10-10T00:07:14.349-0400][gc,marking    ] GC(5) Concurrent Preclean 0.088ms
[2020-10-10T00:07:14.349-0400][gc,marking    ] GC(5) Concurrent Mark (99.954s, 99.960s) 5.711ms
[2020-10-10T00:07:14.349-0400][gc,start      ] GC(5) Pause Remark
[2020-10-10T00:07:14.352-0400][gc,stringtable] GC(5) Cleaned string and symbol table, strings: 10205 processed, 10 removed, symbols: 80483 processed, 13 removed
[2020-10-10T00:07:14.352-0400][gc            ] GC(5) Pause Remark 142M->142M(1024M) 3.181ms
[2020-10-10T00:07:14.352-0400][gc,cpu        ] GC(5) User=0.02s Sys=0.00s Real=0.00s
[2020-10-10T00:07:14.353-0400][gc,marking    ] GC(5) Concurrent Rebuild Remembered Sets
[2020-10-10T00:07:14.356-0400][gc,marking    ] GC(5) Concurrent Rebuild Remembered Sets 3.887ms
[2020-10-10T00:07:14.357-0400][gc,start      ] GC(5) Pause Cleanup
[2020-10-10T00:07:14.357-0400][gc            ] GC(5) Pause Cleanup 142M->142M(1024M) 0.253ms
[2020-10-10T00:07:14.357-0400][gc,cpu        ] GC(5) User=0.00s Sys=0.00s Real=0.00s
[2020-10-10T00:07:14.357-0400][gc,marking    ] GC(5) Concurrent Cleanup for Next Mark
[2020-10-10T00:07:14.359-0400][gc,marking    ] GC(5) Concurrent Cleanup for Next Mark 2.011ms
[2020-10-10T00:07:14.359-0400][gc            ] GC(5) Concurrent Cycle 17.284ms
[2020-10-10T00:23:28.548-0400][gc,heap,exit  ] Heap
[2020-10-10T00:23:28.548-0400][gc,heap,exit  ]  garbage-first heap   total 1048576K, used 187973K [0x00000000c0000000, 0x0000000100000000)
[2020-10-10T00:23:28.548-0400][gc,heap,exit  ]   region size 1024K, 46 young (47104K), 2 survivors (2048K)
[2020-10-10T00:23:28.548-0400][gc,heap,exit  ]  Metaspace       used 37739K, capacity 39481K, committed 39680K, reserved 1083392K
[2020-10-10T00:23:28.548-0400][gc,heap,exit  ]   class space    used 4557K, capacity 5375K, committed 5376K, reserved 1048576K
