[2020-10-10T13:53:04.676-0400][gc,heap] Heap region size: 1M
[2020-10-10T13:53:04.682-0400][gc     ] Using G1
[2020-10-10T13:53:04.682-0400][gc,heap,coops] Heap address: 0x00000000c0000000, size: 1024 MB, Compressed Oops mode: 32-bit
[2020-10-10T13:53:04.682-0400][gc,cds       ] Mark closed archive regions in map: [0x00000000fff00000, 0x00000000fff69ff8]
[2020-10-10T13:53:04.682-0400][gc,cds       ] Mark open archive regions in map: [0x00000000ffe00000, 0x00000000ffe46ff8]
[2020-10-10T13:53:05.409-0400][gc,start     ] GC(0) Pause Young (Normal) (G1 Evacuation Pause)
[2020-10-10T13:53:05.410-0400][gc,task      ] GC(0) Using 10 workers of 10 for evacuation
[2020-10-10T13:53:05.421-0400][gc,phases    ] GC(0)   Pre Evacuate Collection Set: 0.0ms
[2020-10-10T13:53:05.421-0400][gc,phases    ] GC(0)   Evacuate Collection Set: 10.0ms
[2020-10-10T13:53:05.421-0400][gc,phases    ] GC(0)   Post Evacuate Collection Set: 0.6ms
[2020-10-10T13:53:05.421-0400][gc,phases    ] GC(0)   Other: 1.4ms
[2020-10-10T13:53:05.421-0400][gc,heap      ] GC(0) Eden regions: 51->0(44)
[2020-10-10T13:53:05.421-0400][gc,heap      ] GC(0) Survivor regions: 0->7(7)
[2020-10-10T13:53:05.421-0400][gc,heap      ] GC(0) Old regions: 2->2
[2020-10-10T13:53:05.421-0400][gc,heap      ] GC(0) Humongous regions: 0->0
[2020-10-10T13:53:05.421-0400][gc,metaspace ] GC(0) Metaspace: 15532K->15532K(1062912K)
[2020-10-10T13:53:05.421-0400][gc           ] GC(0) Pause Young (Normal) (G1 Evacuation Pause) 51M->6M(1024M) 12.075ms
[2020-10-10T13:53:05.421-0400][gc,cpu       ] GC(0) User=0.10s Sys=0.00s Real=0.01s
[2020-10-10T13:53:05.631-0400][gc,start     ] GC(1) Pause Young (Concurrent Start) (Metadata GC Threshold)
[2020-10-10T13:53:05.631-0400][gc,task      ] GC(1) Using 10 workers of 10 for evacuation
[2020-10-10T13:53:05.640-0400][gc,phases    ] GC(1)   Pre Evacuate Collection Set: 0.1ms
[2020-10-10T13:53:05.640-0400][gc,phases    ] GC(1)   Evacuate Collection Set: 7.8ms
[2020-10-10T13:53:05.640-0400][gc,phases    ] GC(1)   Post Evacuate Collection Set: 0.7ms
[2020-10-10T13:53:05.640-0400][gc,phases    ] GC(1)   Other: 0.3ms
[2020-10-10T13:53:05.640-0400][gc,heap      ] GC(1) Eden regions: 20->0(49)
[2020-10-10T13:53:05.640-0400][gc,heap      ] GC(1) Survivor regions: 7->2(7)
[2020-10-10T13:53:05.640-0400][gc,heap      ] GC(1) Old regions: 2->9
[2020-10-10T13:53:05.640-0400][gc,heap      ] GC(1) Humongous regions: 0->0
[2020-10-10T13:53:05.640-0400][gc,metaspace ] GC(1) Metaspace: 20494K->20494K(1067008K)
[2020-10-10T13:53:05.640-0400][gc           ] GC(1) Pause Young (Concurrent Start) (Metadata GC Threshold) 26M->7M(1024M) 8.944ms
[2020-10-10T13:53:05.640-0400][gc,cpu       ] GC(1) User=0.06s Sys=0.00s Real=0.01s
[2020-10-10T13:53:05.640-0400][gc           ] GC(2) Concurrent Cycle
[2020-10-10T13:53:05.640-0400][gc,marking   ] GC(2) Concurrent Clear Claimed Marks
[2020-10-10T13:53:05.640-0400][gc,marking   ] GC(2) Concurrent Clear Claimed Marks 0.064ms
[2020-10-10T13:53:05.640-0400][gc,marking   ] GC(2) Concurrent Scan Root Regions
[2020-10-10T13:53:05.641-0400][gc,marking   ] GC(2) Concurrent Scan Root Regions 1.127ms
[2020-10-10T13:53:05.641-0400][gc,marking   ] GC(2) Concurrent Mark (0.967s)
[2020-10-10T13:53:05.641-0400][gc,marking   ] GC(2) Concurrent Mark From Roots
[2020-10-10T13:53:05.641-0400][gc,task      ] GC(2) Using 3 workers of 3 for marking
[2020-10-10T13:53:05.645-0400][gc,marking   ] GC(2) Concurrent Mark From Roots 3.299ms
[2020-10-10T13:53:05.645-0400][gc,marking   ] GC(2) Concurrent Preclean
[2020-10-10T13:53:05.645-0400][gc,marking   ] GC(2) Concurrent Preclean 0.067ms
[2020-10-10T13:53:05.645-0400][gc,marking   ] GC(2) Concurrent Mark (0.967s, 0.970s) 3.394ms
[2020-10-10T13:53:05.645-0400][gc,start     ] GC(2) Pause Remark
[2020-10-10T13:53:05.647-0400][gc,stringtable] GC(2) Cleaned string and symbol table, strings: 4887 processed, 0 removed, symbols: 51054 processed, 47 removed
[2020-10-10T13:53:05.648-0400][gc            ] GC(2) Pause Remark 8M->8M(1024M) 2.330ms
[2020-10-10T13:53:05.648-0400][gc,cpu        ] GC(2) User=0.01s Sys=0.00s Real=0.01s
[2020-10-10T13:53:05.648-0400][gc,marking    ] GC(2) Concurrent Rebuild Remembered Sets
[2020-10-10T13:53:05.649-0400][gc,marking    ] GC(2) Concurrent Rebuild Remembered Sets 1.675ms
[2020-10-10T13:53:05.650-0400][gc,start      ] GC(2) Pause Cleanup
[2020-10-10T13:53:05.650-0400][gc            ] GC(2) Pause Cleanup 8M->8M(1024M) 0.256ms
[2020-10-10T13:53:05.650-0400][gc,cpu        ] GC(2) User=0.00s Sys=0.00s Real=0.00s
[2020-10-10T13:53:05.650-0400][gc,marking    ] GC(2) Concurrent Cleanup for Next Mark
[2020-10-10T13:53:05.652-0400][gc,marking    ] GC(2) Concurrent Cleanup for Next Mark 1.782ms
[2020-10-10T13:53:05.652-0400][gc            ] GC(2) Concurrent Cycle 11.659ms
[2020-10-10T13:53:06.430-0400][gc,start      ] GC(3) Pause Young (Normal) (G1 Evacuation Pause)
[2020-10-10T13:53:06.430-0400][gc,task       ] GC(3) Using 10 workers of 10 for evacuation
[2020-10-10T13:53:06.433-0400][gc,phases     ] GC(3)   Pre Evacuate Collection Set: 0.0ms
[2020-10-10T13:53:06.434-0400][gc,phases     ] GC(3)   Evacuate Collection Set: 2.9ms
[2020-10-10T13:53:06.434-0400][gc,phases     ] GC(3)   Post Evacuate Collection Set: 0.6ms
[2020-10-10T13:53:06.434-0400][gc,phases     ] GC(3)   Other: 0.2ms
[2020-10-10T13:53:06.434-0400][gc,heap       ] GC(3) Eden regions: 49->0(46)
[2020-10-10T13:53:06.434-0400][gc,heap       ] GC(3) Survivor regions: 2->5(7)
[2020-10-10T13:53:06.434-0400][gc,heap       ] GC(3) Old regions: 9->9
[2020-10-10T13:53:06.434-0400][gc,heap       ] GC(3) Humongous regions: 129->129
[2020-10-10T13:53:06.434-0400][gc,metaspace  ] GC(3) Metaspace: 28708K->28708K(1075200K)
[2020-10-10T13:53:06.434-0400][gc            ] GC(3) Pause Young (Normal) (G1 Evacuation Pause) 185M->140M(1024M) 3.854ms
[2020-10-10T13:53:06.434-0400][gc,cpu        ] GC(3) User=0.02s Sys=0.00s Real=0.00s
[2020-10-10T13:53:06.642-0400][gc,start      ] GC(4) Pause Young (Concurrent Start) (Metadata GC Threshold)
[2020-10-10T13:53:06.642-0400][gc,task       ] GC(4) Using 10 workers of 10 for evacuation
[2020-10-10T13:53:06.649-0400][gc,phases     ] GC(4)   Pre Evacuate Collection Set: 0.1ms
[2020-10-10T13:53:06.649-0400][gc,phases     ] GC(4)   Evacuate Collection Set: 6.4ms
[2020-10-10T13:53:06.649-0400][gc,phases     ] GC(4)   Post Evacuate Collection Set: 0.7ms
[2020-10-10T13:53:06.649-0400][gc,phases     ] GC(4)   Other: 0.3ms
[2020-10-10T13:53:06.649-0400][gc,heap       ] GC(4) Eden regions: 27->0(49)
[2020-10-10T13:53:06.649-0400][gc,heap       ] GC(4) Survivor regions: 5->2(7)
[2020-10-10T13:53:06.649-0400][gc,heap       ] GC(4) Old regions: 9->13
[2020-10-10T13:53:06.649-0400][gc,heap       ] GC(4) Humongous regions: 129->129
[2020-10-10T13:53:06.649-0400][gc,metaspace  ] GC(4) Metaspace: 34508K->34508K(1081344K)
[2020-10-10T13:53:06.649-0400][gc            ] GC(4) Pause Young (Concurrent Start) (Metadata GC Threshold) 166M->142M(1024M) 7.550ms
[2020-10-10T13:53:06.649-0400][gc,cpu        ] GC(4) User=0.06s Sys=0.01s Real=0.01s
[2020-10-10T13:53:06.649-0400][gc            ] GC(5) Concurrent Cycle
[2020-10-10T13:53:06.649-0400][gc,marking    ] GC(5) Concurrent Clear Claimed Marks
[2020-10-10T13:53:06.649-0400][gc,marking    ] GC(5) Concurrent Clear Claimed Marks 0.119ms
[2020-10-10T13:53:06.649-0400][gc,marking    ] GC(5) Concurrent Scan Root Regions
[2020-10-10T13:53:06.651-0400][gc,marking    ] GC(5) Concurrent Scan Root Regions 1.266ms
[2020-10-10T13:53:06.651-0400][gc,marking    ] GC(5) Concurrent Mark (1.976s)
[2020-10-10T13:53:06.651-0400][gc,marking    ] GC(5) Concurrent Mark From Roots
[2020-10-10T13:53:06.651-0400][gc,task       ] GC(5) Using 3 workers of 3 for marking
[2020-10-10T13:53:06.658-0400][gc,marking    ] GC(5) Concurrent Mark From Roots 7.325ms
[2020-10-10T13:53:06.658-0400][gc,marking    ] GC(5) Concurrent Preclean
[2020-10-10T13:53:06.658-0400][gc,marking    ] GC(5) Concurrent Preclean 0.107ms
[2020-10-10T13:53:06.658-0400][gc,marking    ] GC(5) Concurrent Mark (1.976s, 1.984s) 7.479ms
[2020-10-10T13:53:06.658-0400][gc,start      ] GC(5) Pause Remark
[2020-10-10T13:53:06.660-0400][gc,stringtable] GC(5) Cleaned string and symbol table, strings: 10479 processed, 10 removed, symbols: 80785 processed, 13 removed
[2020-10-10T13:53:06.661-0400][gc            ] GC(5) Pause Remark 142M->142M(1024M) 2.367ms
[2020-10-10T13:53:06.661-0400][gc,cpu        ] GC(5) User=0.02s Sys=0.00s Real=0.00s
[2020-10-10T13:53:06.661-0400][gc,marking    ] GC(5) Concurrent Rebuild Remembered Sets
[2020-10-10T13:53:06.665-0400][gc,marking    ] GC(5) Concurrent Rebuild Remembered Sets 3.983ms
[2020-10-10T13:53:06.665-0400][gc,start      ] GC(5) Pause Cleanup
[2020-10-10T13:53:06.666-0400][gc            ] GC(5) Pause Cleanup 142M->142M(1024M) 0.282ms
[2020-10-10T13:53:06.666-0400][gc,cpu        ] GC(5) User=0.00s Sys=0.00s Real=0.00s
[2020-10-10T13:53:06.666-0400][gc,marking    ] GC(5) Concurrent Cleanup for Next Mark
[2020-10-10T13:53:06.668-0400][gc,marking    ] GC(5) Concurrent Cleanup for Next Mark 2.001ms
[2020-10-10T13:53:06.668-0400][gc            ] GC(5) Concurrent Cycle 18.453ms
[2020-10-10T13:53:10.595-0400][gc,heap,exit  ] Heap
[2020-10-10T13:53:10.595-0400][gc,heap,exit  ]  garbage-first heap   total 1048576K, used 183338K [0x00000000c0000000, 0x0000000100000000)
[2020-10-10T13:53:10.595-0400][gc,heap,exit  ]   region size 1024K, 23 young (23552K), 2 survivors (2048K)
[2020-10-10T13:53:10.595-0400][gc,heap,exit  ]  Metaspace       used 36288K, capacity 37905K, committed 38144K, reserved 1083392K
[2020-10-10T13:53:10.595-0400][gc,heap,exit  ]   class space    used 4356K, capacity 5114K, committed 5120K, reserved 1048576K
