[2020-10-10T02:01:27.400-0400][gc,heap] Heap region size: 1M
[2020-10-10T02:01:27.406-0400][gc     ] Using G1
[2020-10-10T02:01:27.406-0400][gc,heap,coops] Heap address: 0x00000000c0000000, size: 1024 MB, Compressed Oops mode: 32-bit
[2020-10-10T02:01:27.406-0400][gc,cds       ] Mark closed archive regions in map: [0x00000000fff00000, 0x00000000fff69ff8]
[2020-10-10T02:01:27.406-0400][gc,cds       ] Mark open archive regions in map: [0x00000000ffe00000, 0x00000000ffe46ff8]
[2020-10-10T02:01:47.043-0400][gc,heap,exit ] Heap
[2020-10-10T02:01:47.043-0400][gc,heap,exit ]  garbage-first heap   total 1048576K, used 47812K [0x00000000c0000000, 0x0000000100000000)
[2020-10-10T02:01:47.043-0400][gc,heap,exit ]   region size 1024K, 48 young (49152K), 0 survivors (0K)
[2020-10-10T02:01:47.043-0400][gc,heap,exit ]  Metaspace       used 14540K, capacity 14998K, committed 15360K, reserved 1062912K
[2020-10-10T02:01:47.043-0400][gc,heap,exit ]   class space    used 1815K, capacity 1985K, committed 2048K, reserved 1048576K
