[2020-10-10T02:17:53.166-0400][gc,heap] Heap region size: 1M
[2020-10-10T02:17:53.170-0400][gc     ] Using G1
[2020-10-10T02:17:53.170-0400][gc,heap,coops] Heap address: 0x00000000e0000000, size: 512 MB, Compressed Oops mode: 32-bit
[2020-10-10T02:17:53.170-0400][gc,cds       ] Mark closed archive regions in map: [0x00000000fff00000, 0x00000000fff69ff8]
[2020-10-10T02:17:53.170-0400][gc,cds       ] Mark open archive regions in map: [0x00000000ffe00000, 0x00000000ffe46ff8]
[2020-10-10T02:18:05.411-0400][gc,start     ] GC(0) Pause Young (Normal) (G1 Evacuation Pause)
[2020-10-10T02:18:05.412-0400][gc,task      ] GC(0) Using 10 workers of 10 for evacuation
[2020-10-10T02:18:05.421-0400][gc,phases    ] GC(0)   Pre Evacuate Collection Set: 0.0ms
[2020-10-10T02:18:05.422-0400][gc,phases    ] GC(0)   Evacuate Collection Set: 8.3ms
[2020-10-10T02:18:05.422-0400][gc,phases    ] GC(0)   Post Evacuate Collection Set: 0.6ms
[2020-10-10T02:18:05.422-0400][gc,phases    ] GC(0)   Other: 1.3ms
[2020-10-10T02:18:05.422-0400][gc,heap      ] GC(0) Eden regions: 25->0(21)
[2020-10-10T02:18:05.422-0400][gc,heap      ] GC(0) Survivor regions: 0->4(4)
[2020-10-10T02:18:05.422-0400][gc,heap      ] GC(0) Old regions: 2->4
[2020-10-10T02:18:05.422-0400][gc,heap      ] GC(0) Humongous regions: 0->0
[2020-10-10T02:18:05.422-0400][gc,metaspace ] GC(0) Metaspace: 7612K->7612K(1056768K)
[2020-10-10T02:18:05.422-0400][gc           ] GC(0) Pause Young (Normal) (G1 Evacuation Pause) 25M->5M(512M) 10.263ms
[2020-10-10T02:18:05.422-0400][gc,cpu       ] GC(0) User=0.00s Sys=0.08s Real=0.01s
