[2020-10-10T02:02:01.158-0400][gc,heap] Heap region size: 1M
[2020-10-10T02:02:01.162-0400][gc     ] Using G1
[2020-10-10T02:02:01.162-0400][gc,heap,coops] Heap address: 0x00000000e0000000, size: 512 MB, Compressed Oops mode: 32-bit
[2020-10-10T02:02:01.162-0400][gc,cds       ] Mark closed archive regions in map: [0x00000000fff00000, 0x00000000fff69ff8]
[2020-10-10T02:02:01.162-0400][gc,cds       ] Mark open archive regions in map: [0x00000000ffe00000, 0x00000000ffe46ff8]
[2020-10-10T02:02:01.961-0400][gc,start     ] GC(0) Pause Young (Normal) (G1 Evacuation Pause)
[2020-10-10T02:02:01.962-0400][gc,task      ] GC(0) Using 10 workers of 10 for evacuation
[2020-10-10T02:02:01.973-0400][gc,phases    ] GC(0)   Pre Evacuate Collection Set: 0.0ms
[2020-10-10T02:02:01.973-0400][gc,phases    ] GC(0)   Evacuate Collection Set: 9.9ms
[2020-10-10T02:02:01.973-0400][gc,phases    ] GC(0)   Post Evacuate Collection Set: 0.5ms
[2020-10-10T02:02:01.973-0400][gc,phases    ] GC(0)   Other: 1.2ms
[2020-10-10T02:02:01.973-0400][gc,heap      ] GC(0) Eden regions: 25->0(21)
[2020-10-10T02:02:01.973-0400][gc,heap      ] GC(0) Survivor regions: 0->4(4)
[2020-10-10T02:02:01.973-0400][gc,heap      ] GC(0) Old regions: 2->4
[2020-10-10T02:02:01.973-0400][gc,heap      ] GC(0) Humongous regions: 0->0
[2020-10-10T02:02:01.973-0400][gc,metaspace ] GC(0) Metaspace: 7620K->7620K(1056768K)
[2020-10-10T02:02:01.973-0400][gc           ] GC(0) Pause Young (Normal) (G1 Evacuation Pause) 25M->5M(512M) 11.777ms
[2020-10-10T02:02:01.973-0400][gc,cpu       ] GC(0) User=0.00s Sys=0.09s Real=0.01s
[2020-10-10T02:03:30.738-0400][gc,heap,exit ] Heap
[2020-10-10T02:03:30.738-0400][gc,heap,exit ]  garbage-first heap   total 524288K, used 10074K [0x00000000e0000000, 0x0000000100000000)
[2020-10-10T02:03:30.738-0400][gc,heap,exit ]   region size 1024K, 9 young (9216K), 4 survivors (4096K)
[2020-10-10T02:03:30.738-0400][gc,heap,exit ]  Metaspace       used 7882K, capacity 8176K, committed 8448K, reserved 1056768K
[2020-10-10T02:03:30.738-0400][gc,heap,exit ]   class space    used 889K, capacity 1004K, committed 1024K, reserved 1048576K
